Java HotSpot(TM) 64-Bit Server VM (25.251-b08) for bsd-amd64 JRE (1.8.0_251-b08), built on Mar 12 2020 02:36:37 by "java_re" with gcc 4.2.1 (Based on Apple Inc. build 5658) (LLVM build 2336.11.00)
Memory: 4k page, physical 16777216k(463604k free)

/proc/meminfo:

CommandLine flags: -XX:+HeapDumpOnOutOfMemoryError -XX:HeapDumpPath=/Users/mac/Documents/jvmdemo/heapdump/ -XX:InitialHeapSize=20971520 -XX:MaxHeapSize=20971520 -XX:MaxNewSize=10485760 -XX:NewSize=10485760 -XX:+PrintGC -XX:+PrintGCDateStamps -XX:+PrintGCDetails -XX:+PrintGCTimeStamps -XX:+PrintHeapAtGC -XX:SurvivorRatio=2 -XX:+UseCompressedClassPointers -XX:+UseCompressedOops -XX:+UseParallelGC 
{Heap before GC invocations=1 (full 0):
 PSYoungGen      total 7680K, used 3037K [0x00000007bf600000, 0x00000007c0000000, 0x00000007c0000000)
  eden space 5120K, 59% used [0x00000007bf600000,0x00000007bf8f76c8,0x00000007bfb00000)
  from space 2560K, 0% used [0x00000007bfd80000,0x00000007bfd80000,0x00000007c0000000)
  to   space 2560K, 0% used [0x00000007bfb00000,0x00000007bfb00000,0x00000007bfd80000)
 ParOldGen       total 10240K, used 0K [0x00000007bec00000, 0x00000007bf600000, 0x00000007bf600000)
  object space 10240K, 0% used [0x00000007bec00000,0x00000007bec00000,0x00000007bf600000)
 Metaspace       used 4745K, capacity 4790K, committed 4992K, reserved 1056768K
  class space    used 540K, capacity 554K, committed 640K, reserved 1048576K
2021-02-08T17:32:26.426-0800: 7.115: [GC (JvmtiEnv ForceGarbageCollection) [PSYoungGen: 3037K->1040K(7680K)] 3037K->1048K(17920K), 0.0020697 secs] [Times: user=0.01 sys=0.00, real=0.00 secs] 
Heap after GC invocations=1 (full 0):
 PSYoungGen      total 7680K, used 1040K [0x00000007bf600000, 0x00000007c0000000, 0x00000007c0000000)
  eden space 5120K, 0% used [0x00000007bf600000,0x00000007bf600000,0x00000007bfb00000)
  from space 2560K, 40% used [0x00000007bfb00000,0x00000007bfc04010,0x00000007bfd80000)
  to   space 2560K, 0% used [0x00000007bfd80000,0x00000007bfd80000,0x00000007c0000000)
 ParOldGen       total 10240K, used 8K [0x00000007bec00000, 0x00000007bf600000, 0x00000007bf600000)
  object space 10240K, 0% used [0x00000007bec00000,0x00000007bec02000,0x00000007bf600000)
 Metaspace       used 4745K, capacity 4790K, committed 4992K, reserved 1056768K
  class space    used 540K, capacity 554K, committed 640K, reserved 1048576K
}
{Heap before GC invocations=2 (full 1):
 PSYoungGen      total 7680K, used 1040K [0x00000007bf600000, 0x00000007c0000000, 0x00000007c0000000)
  eden space 5120K, 0% used [0x00000007bf600000,0x00000007bf600000,0x00000007bfb00000)
  from space 2560K, 40% used [0x00000007bfb00000,0x00000007bfc04010,0x00000007bfd80000)
  to   space 2560K, 0% used [0x00000007bfd80000,0x00000007bfd80000,0x00000007c0000000)
 ParOldGen       total 10240K, used 8K [0x00000007bec00000, 0x00000007bf600000, 0x00000007bf600000)
  object space 10240K, 0% used [0x00000007bec00000,0x00000007bec02000,0x00000007bf600000)
 Metaspace       used 4745K, capacity 4790K, committed 4992K, reserved 1056768K
  class space    used 540K, capacity 554K, committed 640K, reserved 1048576K
2021-02-08T17:32:26.428-0800: 7.118: [Full GC (JvmtiEnv ForceGarbageCollection) [PSYoungGen: 1040K->0K(7680K)] [ParOldGen: 8K->911K(10240K)] 1048K->911K(17920K), [Metaspace: 4745K->4745K(1056768K)], 0.0077712 secs] [Times: user=0.03 sys=0.01, real=0.01 secs] 
